// Jest Snapshot v1, https://goo.gl/fbAQLP

exports[`Register Component renders without crashing 1`] = `
<div
  className="body"
>
  <div
    className="intro"
  >
    <div>
      <h1>
        Welcome to
        <br />
        <span>
          Bright Events
        </span>
      </h1>
      <p>
        create and manage different types of events while making them easily accessible to target markets
      </p>
    </div>
  </div>
  <div
    className="form"
  >
    <ul
      className="tab-group"
    >
      <li
        className="tab active"
      >
        <Link
          replace={false}
          to="/signup"
        >
          Signup
        </Link>
      </li>
      <li
        className="tab"
      >
        <Link
          replace={false}
          to="/login"
        >
          login
        </Link>
      </li>
    </ul>
    <div
      className="tab-content"
    >
      <div
        id="signup"
      >
        <h3>
          Sign Up for Free
        </h3>
        <form
          onSubmit={[Function]}
        >
          <div
            className="top-row"
          >
            <div
              className="field-wrap"
            >
              <input
                name="first_name"
                onChange={[Function]}
                placeholder="First Name"
                required={true}
                type="text"
              />
            </div>
            <div
              className="field-wrap"
            >
              <input
                name="last_name"
                onChange={[Function]}
                placeholder="Last Name"
                required={true}
                type="text"
              />
            </div>
          </div>
          <div
            className="field-wrap"
          >
            <input
              name="email"
              onChange={[Function]}
              placeholder="Email"
              required={true}
              type="email"
            />
          </div>
          <div
            className="field-wrap"
          >
            <input
              name="password"
              onChange={[Function]}
              placeholder="password"
              required={true}
              type="password"
            />
          </div>
          <div
            className="field-wrap"
          >
            <input
              name="password"
              onChange={[Function]}
              placeholder="confirm password"
              required={true}
              type="password"
            />
          </div>
          <button
            className="button button-block"
            type="submit"
            value="submit"
          >
            Get Started
          </button>
        </form>
      </div>
      <div />
    </div>
  </div>
</div>
`;
